<?xml version="1.0" encoding="utf-8"?><testsuites name="pytest tests"><testsuite name="pytest" errors="0" failures="0" skipped="0" tests="3" time="54.764" timestamp="2025-09-20T17:04:52.317225-05:00" hostname="vmi2776593"><testcase classname="tests.test_basic.TestBasic" name="test_basic_functionality" time="0.003" /><testcase classname="tests.test_basic.TestBasic" name="test_imports" time="54.640" /><testcase classname="tests.test_smoke" name="test_smoke" time="0.001" /></testsuite></testsuites>